#-----------------------------------------------------------
# Webtalk v2019.1 (64-bit)
# SW Build 2552052 on Fri May 24 14:49:42 MDT 2019
# IP Build 2548770 on Fri May 24 18:01:18 MDT 2019
# Start of session at: Fri Oct  9 18:35:29 2020
# Process ID: 19380
# Current directory: E:/Study_Project/FPGA_Competition/Workplace_Vivado/i2c_MCP4725/i2c_MCP4725.sim/sim_1/behav/xsim
# Command line: wbtcv.exe -mode batch -source E:/Study_Project/FPGA_Competition/Workplace_Vivado/i2c_MCP4725/i2c_MCP4725.sim/sim_1/behav/xsim/xsim.dir/vtf_i2c_test_behav/webtalk/xsim_webtalk.tcl -notrace
# Log file: E:/Study_Project/FPGA_Competition/Workplace_Vivado/i2c_MCP4725/i2c_MCP4725.sim/sim_1/behav/xsim/webtalk.log
# Journal file: E:/Study_Project/FPGA_Competition/Workplace_Vivado/i2c_MCP4725/i2c_MCP4725.sim/sim_1/behav/xsim\webtalk.jou
#-----------------------------------------------------------
source E:/Study_Project/FPGA_Competition/Workplace_Vivado/i2c_MCP4725/i2c_MCP4725.sim/sim_1/behav/xsim/xsim.dir/vtf_i2c_test_behav/webtalk/xsim_webtalk.tcl -notrace
